Copyright 1986-2022 Xilinx, Inc. All Rights Reserved. Copyright 2022-2026 Advanced Micro Devices, Inc. All Rights Reserved.
-----------------------------------------------------------------------------------------------------------------------------------------------------------------------------------------
| Tool Version : Vivado v.2026.1 (win64) Build 6511674 Tue Jun 16 11:02:23 MDT 2026
| Date         : Mon Sep 14 03:17:38 2026
| Host         : harrylt running 64-bit major release  (build 9200)
| Command      : report_methodology -file lab2_segment_scan_methodology_drc_routed.rpt -pb lab2_segment_scan_methodology_drc_routed.pb -rpx lab2_segment_scan_methodology_drc_routed.rpx
| Design       : lab2_segment_scan
| Device       : xc7s75fgga484-1
| Speed File   : -1
| Design State : Fully Routed
-----------------------------------------------------------------------------------------------------------------------------------------------------------------------------------------

Report Methodology

Table of Contents
-----------------
1. REPORT SUMMARY
2. REPORT DETAILS

1. REPORT SUMMARY
-----------------
            Netlist: netlist
          Floorplan: design_1
      Design limits: <entire design considered>
             Max checks: <unlimited>
             Checks found: 24
+-----------+----------+-------------------------------+--------+
| Rule      | Severity | Description                   | Checks |
+-----------+----------+-------------------------------+--------+
| TIMING-18 | Warning  | Missing input or output delay | 24     |
+-----------+----------+-------------------------------+--------+

2. REPORT DETAILS
-----------------
TIMING-18#1 Warning
Missing input or output delay  
An output delay is missing on led[0] relative to the rising and/or falling clock edge(s) of trainer_1khz.
Related violations: <none>

TIMING-18#2 Warning
Missing input or output delay  
An output delay is missing on led[1] relative to the rising and/or falling clock edge(s) of trainer_1khz.
Related violations: <none>

TIMING-18#3 Warning
Missing input or output delay  
An output delay is missing on led[2] relative to the rising and/or falling clock edge(s) of trainer_1khz.
Related violations: <none>

TIMING-18#4 Warning
Missing input or output delay  
An output delay is missing on led[3] relative to the rising and/or falling clock edge(s) of trainer_1khz.
Related violations: <none>

TIMING-18#5 Warning
Missing input or output delay  
An output delay is missing on led[4] relative to the rising and/or falling clock edge(s) of trainer_1khz.
Related violations: <none>

TIMING-18#6 Warning
Missing input or output delay  
An output delay is missing on led[5] relative to the rising and/or falling clock edge(s) of trainer_1khz.
Related violations: <none>

TIMING-18#7 Warning
Missing input or output delay  
An output delay is missing on led[6] relative to the rising and/or falling clock edge(s) of trainer_1khz.
Related violations: <none>

TIMING-18#8 Warning
Missing input or output delay  
An output delay is missing on led[7] relative to the rising and/or falling clock edge(s) of trainer_1khz.
Related violations: <none>

TIMING-18#9 Warning
Missing input or output delay  
An output delay is missing on seg_com[0] relative to the rising and/or falling clock edge(s) of trainer_1khz.
Related violations: <none>

TIMING-18#10 Warning
Missing input or output delay  
An output delay is missing on seg_com[1] relative to the rising and/or falling clock edge(s) of trainer_1khz.
Related violations: <none>

TIMING-18#11 Warning
Missing input or output delay  
An output delay is missing on seg_com[2] relative to the rising and/or falling clock edge(s) of trainer_1khz.
Related violations: <none>

TIMING-18#12 Warning
Missing input or output delay  
An output delay is missing on seg_com[3] relative to the rising and/or falling clock edge(s) of trainer_1khz.
Related violations: <none>

TIMING-18#13 Warning
Missing input or output delay  
An output delay is missing on seg_com[4] relative to the rising and/or falling clock edge(s) of trainer_1khz.
Related violations: <none>

TIMING-18#14 Warning
Missing input or output delay  
An output delay is missing on seg_com[5] relative to the rising and/or falling clock edge(s) of trainer_1khz.
Related violations: <none>

TIMING-18#15 Warning
Missing input or output delay  
An output delay is missing on seg_com[6] relative to the rising and/or falling clock edge(s) of trainer_1khz.
Related violations: <none>

TIMING-18#16 Warning
Missing input or output delay  
An output delay is missing on seg_com[7] relative to the rising and/or falling clock edge(s) of trainer_1khz.
Related violations: <none>

TIMING-18#17 Warning
Missing input or output delay  
An output delay is missing on seg_data[0] relative to the rising and/or falling clock edge(s) of trainer_1khz.
Related violations: <none>

TIMING-18#18 Warning
Missing input or output delay  
An output delay is missing on seg_data[1] relative to the rising and/or falling clock edge(s) of trainer_1khz.
Related violations: <none>

TIMING-18#19 Warning
Missing input or output delay  
An output delay is missing on seg_data[2] relative to the rising and/or falling clock edge(s) of trainer_1khz.
Related violations: <none>

TIMING-18#20 Warning
Missing input or output delay  
An output delay is missing on seg_data[3] relative to the rising and/or falling clock edge(s) of trainer_1khz.
Related violations: <none>

TIMING-18#21 Warning
Missing input or output delay  
An output delay is missing on seg_data[4] relative to the rising and/or falling clock edge(s) of trainer_1khz.
Related violations: <none>

TIMING-18#22 Warning
Missing input or output delay  
An output delay is missing on seg_data[5] relative to the rising and/or falling clock edge(s) of trainer_1khz.
Related violations: <none>

TIMING-18#23 Warning
Missing input or output delay  
An output delay is missing on seg_data[6] relative to the rising and/or falling clock edge(s) of trainer_1khz.
Related violations: <none>

TIMING-18#24 Warning
Missing input or output delay  
An output delay is missing on seg_data[7] relative to the rising and/or falling clock edge(s) of trainer_1khz.
Related violations: <none>


